// Jest Snapshot v1, https://goo.gl/fbAQLP

exports[`#SearchBar renders 1`] = `
<div>
  <div
    class="css-1qc3rwg"
  >
    <div
      class="css-ydkbfa"
    >
      <div
        class="css-1guzba0"
      >
        <input
          class="css-13hlwsa"
          placeholder="search"
          type="text"
          value=""
        />
        <ul
          class="css-1vuc2t3"
        />
      </div>
    </div>
    <button
      class="css-ngybz4"
    >
      My Location
    </button>
  </div>
</div>
`;
